Junction created for api\lib <<===>> api\_lib
node : node:fs:441
At C:\Users\bsand\AppData\Local\Temp\ps-script-23da8c6c-d33a-4b90-a216-76cc8ffaface.ps1:80 char:231
+ ... est-output.txt }; node scripts/production-audit-test.mjs 2>&1 | Out-F ...
+                       ~~~~~~~~~~~~~~~~~~~~~~~~~~~~~~~~~~~~~~~~~~~
    + CategoryInfo          : NotSpecified: (node:fs:441:String) [], RemoteException
    + FullyQualifiedErrorId : NativeCommandError
 
    return binding.readFileUtf8(path, stringToFlags(options.flag));
                   ^

Error: ENOENT: no such file or directory, open 
'C:\Projects\ai-governance-hub\aigovernancehub-website\api\recover-reports.js'
    at Object.readFileSync (node:fs:441:20)
    at file:///C:/Projects/ai-governance-hub/aigovernancehub-website/scripts/production-audit-test.mjs:44:23
    at ModuleJob.run (node:internal/modules/esm/module_job:439:25)
    at async node:internal/modules/esm/loader:633:26
    at async asyncRunEntryPointWithESMLoader (node:internal/modules/run_main:101:5) {
  errno: -4058,
  code: 'ENOENT',
  syscall: 'open',
  path: 'C:\\Projects\\ai-governance-hub\\aigovernancehub-website\\api\\recover-reports.js'
}

Node.js v24.16.0
node : node:fs:441
At C:\Users\bsand\AppData\Local\Temp\ps-script-23da8c6c-d33a-4b90-a216-76cc8ffaface.ps1:80 char:311
+ ... Append test-output.txt; node scripts/resilience-test.mjs 2>&1 | Out-F ...
+                             ~~~~~~~~~~~~~~~~~~~~~~~~~~~~~~~~~~~~~
    + CategoryInfo          : NotSpecified: (node:fs:441:String) [], RemoteException
    + FullyQualifiedErrorId : NativeCommandError
 
    return binding.readFileUtf8(path, stringToFlags(options.flag));
                   ^

Error: ENOENT: no such file or directory, open 
'C:\Projects\ai-governance-hub\aigovernancehub-website\api\admin-actions.js'
    at Object.readFileSync (node:fs:441:20)
    at file:///C:/Projects/ai-governance-hub/aigovernancehub-website/scripts/resilience-test.mjs:131:21
    at ModuleJob.run (node:internal/modules/esm/module_job:439:25)
    at async node:internal/modules/esm/loader:633:26
    at async asyncRunEntryPointWithESMLoader (node:internal/modules/run_main:101:5) {
  errno: -4058,
  code: 'ENOENT',
  syscall: 'open',
  path: 'C:\\Projects\\ai-governance-hub\\aigovernancehub-website\\api\\admin-actions.js'
}

Node.js v24.16.0

Staging Validation v25.13 Tests

PASS SV-route-health.js ΓÇö API route exists
FAIL SV-route-pricing.js ΓÇö Missing
PASS SV-route-upload-report.js ΓÇö API route exists
PASS SV-route-order-quote.js ΓÇö API route exists
PASS SV-route-create-order.js ΓÇö API route exists
PASS SV-route-verify-payment.js ΓÇö API route exists
PASS SV-route-download-report.js ΓÇö API route exists
FAIL SV-route-recover-reports.js ΓÇö Missing
PASS SV-route-dashboard.js ΓÇö API route exists
PASS SV-route-razorpay-webhook.js ΓÇö API route exists
PASS SV-env-script ΓÇö staging-env-check.mjs
PASS SV-verify-payment ΓÇö Signature-first verify flow
PASS SV-webhook ΓÇö Webhook handler present
PASS SV-enterprise-gate ΓÇö Enterprise gate rules
PASS SV-download-gate ΓÇö Download payment gate
FAIL SV-version ΓÇö version mismatch
PASS SV-live-skipped ΓÇö Set STAGING_URL for live smoke (optional)

14/17 passed

Journey + Security Full Round

PASS JSR-progress ΓÇö Wizard progress bar
PASS JSR-banner ΓÇö Step guidance banner
PASS JSR-dropzone ΓÇö Drag-drop upload zone
PASS JSR-score-ring ΓÇö Governance score ring
PASS JSR-experience-css ΓÇö Experience CSS linked
PASS JSR-experience-js ΓÇö Experience JS linked
PASS JSR-home-strip ΓÇö Homepage journey strip
PASS JSR-success-hero ΓÇö Success celebration hero
PASS JSR-deliverables ΓÇö Success format tiles
PASS JSR-hooks ΓÇö Wizard step hooks
PASS JSR-preview-hook ΓÇö Preview animation hook
PASS JSR-validate-hook ΓÇö Validation celebration hook
PASS JSR-step-copy ΓÇö Step copy in experience layer
PASS JSR-drop-init ΓÇö Drop zone initialized
PASS JSR-animations ΓÇö Animation CSS present
PASS JSR-link-home-pricing ΓÇö Home ΓåÆ pricing wizard
PASS JSR-link-post-purchase ΓÇö Pricing ΓåÆ recover + login links
PASS JSR-link-repeat ΓÇö Success ΓåÆ repeat assessment
PASS JSR-sec-verify ΓÇö Payment signature-first verify
PASS JSR-sec-no-client-price ΓÇö Wizard does not compute pricing client-side
PASS JSR-sec-download ΓÇö Download gated by token + payment state
PASS JSR-sec-no-inline-nav ΓÇö Pricing has no inline nav script
PASS JSR-sec-csp-script ΓÇö Pricing script-src without unsafe-inline
PASS JSR-sec-checkout-bind ΓÇö Checkout bound to session token
PASS JSR-sec-enterprise-gate ΓÇö Enterprise gate in wizard flow
PASS JSR-sec-server-quote ΓÇö Order quote fetched from server

26/26 passed

Payment Architecture P0 Tests

PASS P1-launch-provider ΓÇö Default provider is Razorpay
PASS P2-intl-razorpay ΓÇö International still uses Razorpay at launch
PASS P3-brand ΓÇö Single customer-facing brand
PASS P4-quote-no-provider-leak ΓÇö Quote does not expose provider switch
PASS P5-intl-note ΓÇö International note references Razorpay
PASS P6-razorpay-client ΓÇö Razorpay client present

6/6 passed
